// Jest Snapshot v1, https://goo.gl/fbAQLP

exports[`Test App should render correctly 1`] = `<View />`;
